<html>
<head><title>Menu for /sidelink.map</title></head>

<body>
<h1>Menu for /sidelink.map</h1>
<hr>

<pre>          <a href="http://enteract.com/soloact.html">soloact.html</a></pre>
<pre>          <a href="http://enteract.com/completeact.html">completeact.html</a></pre>
<pre>          <a href="http://enteract.com/enterconnect.html">enterconnect.html</a></pre>
<pre>          <a href="http://enteract.com/sohoact.html">sohoact.html</a></pre>
<pre>          <a href="http://enteract.com/partner.html">partner.html</a></pre>
<pre>          <a href="http://enteract.com/solutions.html">solutions.html</a></pre>
<pre>          <a href="http://www.enteract.com/signup.html">http://www.enteract.com/signup.html</a></pre>
<pre>          <a href="http://www.enteract.com/testimonial.html">http://www.enteract.com/testimonial.html</a></pre>
<pre>          <a href="http://www.enteract.com/philosophy.html">http://www.enteract.com/philosophy.html</a></pre>
<pre>          <a href="http://www.enteract.com">http://www.enteract.com</a></pre>


</body>
</html>
