Affliction," sweats and shivers, looking feverish.",0
Allure of Death," looks sick.",0
Anarchy,"'s world dissolves into anarchy.",1
Arch Lich,"'s skin peels away.",0
Asphyxiate," begins to choke.",0
Avalanche," is entombed in ice.",1
Bane of Nife,"'s veins have been filled with deadly poison.",1
Banish Summoned," staggers.",0
Banish Undead," staggers.",0
Blast of Poison," screams in pain.",0
Blaze,"'s skin ignites.",0
Blizzard," is caught in a raging blizzard.",1
Blizzard Blast," staggers as spirits of frost slam against them.",0
Bolt of Flame," is bathed in fire.",0
Breath of Karana," is slammed by an intense gust of wind.",0
Brusco`s Boastful Bellow," reels in pain.",0
Brusco`s Bombastic Bellow," reels in pain.",0
Burn,"'s skin blisters and burns.",1
Burst of Fire," singes as the Burst of Fire hits them.",1
Burst of Flame," singes as the Burst of Flame hits them.",1
Calefaction," blisters and burns.",1
Call of Bones,"'s skin peels away.",0
Call of Flame,"'s skin ignites.",0
Cannibalize," winces.",0
Cannibalize II," winces.",0
Cannibalize III," winces.",0
Cannibalize IV," winces.",0
Careless Lightning," has been struck by lightning.",0
Cascade of Hail," is pelted by hailstones.",1
Cast Force," is covered in raging energy.",1
Chaos Flux," is surrounded by fluxing strands of chaos.",1
Char,"'s skin ignites and chars.",1
Chill Bones,"'s skin freezes and cracks off.",1
Choke," begins to choke.",0
Chords of Dissonance," winces.",0
Cinder Bolt," is bathed in fire.",0
Circle of Force," is immolated by raging energy.",1
Column of Fire," is immolated by flame.",0
Column of Frost," is encased in frost.",0
Column of Lightning," is engulfed by lightning.",1
Combust,"'s skin combusts.",1
Conflagration," combusts.",0
Dark Pact," looks sick.",0
Deflux," staggers.",0
Defoliate," wilts.",0
Defoliation," wilts.",0
Dementia,"'s mind warps.",1
Demi Lich,"'s skin peels away.",0
Denon`s Bereavement," convulses.",1
Denon`s Desperate Dirge," staggers back a step.",1
Denon`s Disruptive Discord," winces.",0
Discordant Mind,"'s brain begins to melt.",1
Disease Cloud," doubles over in pain.",1
Dismiss Summoned," staggers.",0
Dismiss Undead," staggers.",0
Dizzying Wind," is slammed by an intense gust of wind.",0
Drain Soul," staggers.",0
Drain Spirit," staggers.",0
Draught of Fire," is caught in a torrent of fire.",1
Draught of Ice," is caught in a torrent of jagged ice.",1
Draught of Jiva," is caught in a torrent of reckless magic.",1
Earthquake," is smashed by the heaving ground.",1
Elemental Maelstrom,"'s skin shreds and tears as bolts of elemental power strike.",1
Energy Storm,"'s skin blisters as energy rains down from above.",1
Enforced Reverence," gapes in reverent awe.",1
Engorging Roots," is entangled by roots.",1
Engulfing Roots," is entwined by roots.",0
Ensnaring Roots," is entwined by roots.",0
Enticement of Flame," succumbs to the enticement of flame.",1
Entrapping Roots," is entrapped by roots.",1
Enveloping Roots," becomes entwined in roots.",1
Envenomed Bolt," has been poisoned.",0
Envenomed Breath," has been poisoned.",0
Exile Summoned," staggers.",0
Exile Undead," staggers.",0
Expel Undead," staggers.",0
Fingers of Fire," is covered in flames.",0
Fire," is immolated by flame.",0
Fire Bolt," is bathed in fire.",0
Fire Flux," is covered in flames.",0
Fire Spiral of Al'Kabor," is blasted by blazing winds.",1
Firestorm,"'s skin blisters as fire rains down from above.",0
Firestrike,"'s skin ignites.",0
Fist of Karana," has been struck by the shocking Fist of Karana.",1
Flame Arc," is covered in flames.",0
Flame Bolt," is bathed in fire.",0
Flame Flux," is covered in flames.",0
Flame of Light,"'s body erupts in a flame of divine light.",1
Flame Shock," combusts.",0
Force," is stunned.",0
Force Shock," has been force struck.",0
Force Spiral of Al'Kabor," is blasted by energy laden winds.",1
Force Strike," has been force struck.",0
Frost," is iced by an intense cone of frost.",1
Frost Bolt," is chilled by a bolt of frost.",1
Frost Rift," is struck by the frost rift.",1
Frost Shock,"'s skin freezes over.",0
Frost Spiral of Al'Kabor," is blasted by freezing winds.",0
Frost Storm,"'s skin freezes as frost rains down from above.",1
Frost Strike," staggers as spirits of frost slam against them.",0
Furor," is struck by a sudden burst of force.",1
Fury of Air," has been struck by lightning.",0
Gale of Poison,"'s skin blisters.",0
Gasping Embrace," begins to choke.",0
Grasping Roots," is entwined by roots.",0
Gravity Flux," rises chaotically into the air.",0
Harm Touch," writhes in the grip of agony.",1
Holy Might," is stunned.",0
Hsagra's Wrath," 's soul is assaulted by the ages.",0
Hungry Earth," sinks into the ground.",1
Ice," is encased in frost.",0
Ice Comet,"'s skin is rent by massive shards of deadly ice.",1
Ice Shock,"'s skin freezes over.",0
Ice Spear of Solist," is struck down by Solists spear of ice.",1
Ice Strike," staggers as ice shards slam against them.",1
Icestrike," is pelted by sleet.",1
Ignite,"'s skin ignites.",0
Ignite Bones,"'s skin burns away.",1
Infectious Cloud," starts to retch.",1
Inferno of Al'Kabor," burns within the inferno of Al'Kabor.",1
Inferno Shock,"'s skin ignites.",0
Invert Gravity," rises chaotically into the air.",0
Invoke Lightning," has been struck by lightning.",0
Jyll's Static Pulse," is slammed by a pulse of static energy.",1
Jyll's Wave of Heat," is incinerated by an intense wave of heat.",1
Jyll's Zephyr of Ice," is torn by a zephyr of ice.",1
Lava Bolt," is bathed in fire.",0
Lava Storm,"'s skin blisters as fire rains down from above.",0
Lich,"'s skin peels away.",0
Life Leech," looks pale.",1
Lifedraw," staggers.",0
Lifespike," staggers.",0
Lifetap," staggers.",0
Lightning Blast," has been struck by lightning.",0
Lightning Bolt,"'s body spasms as the lightning bolt arcs through them.",1
Lightning Shock,"'s skin ignites.",0
Lightning Storm,"'s skin blisters as lightning rains down from above.",1
Lightning Strike," has been struck by lightning.",0
Lure of Flame," succumbs to the lure of flame.",1
Lure of Frost," succumbs to the lure of frost.",1
Lure of Ice," succumbs to the lure of ice.",1
Lure of Lightning," succumbs to the lure of lightning.",1
Manastorm,"'s skin numbs as deadly mana rains down from above.",1
Markar's Clash," is stunned.",0
Markar's Discord," is stunned.",0
Numbing Cold," looks cold as stone.",1
Pillar of Fire," is immolated by flame.",0
Pillar of Flame," is immolated by a pillar of flame.",1
Pillar of Frost," is encased within a pillar of frost.",1
Pillar of Lightning," is immolated by a pillar of raging lightning.",1
Plague," sweats and shivers, looking feverish.",0
Pogonip," is sheathed in ice crystals.",1
Poison Bolt," has been poisoned.",0
Poison Storm,"'s skin blisters.",0
Porlos' Fury," 's soul is assaulted by the ages.",0
Pox of Bertoxxulous,"'s skin erupts in purulent pustules.",1
Project Lightning," is consumed by lightning.",1
Rain of Blades,"'s skin shreds as blades rain down from above.",1
Rain of Fire,"'s skin blisters as fire rains down from above.",0
Rain of Lava,"'s skin blisters as lava rains down from above.",0
Rain of Spikes,"'s skin shreds as spikes rain down from above.",1
Rain of Swords,"'s skin shreds as swords rain down from above.",1
Reckoning," has been struck by the judgement of the gods.",1
Rend," screams as a magic force rends their flesh.",1
Retribution," has been struck by the wrath of the gods.",1
Retribution of Al'Kabor," is frozen by the retribution of Al'Kabor.",1
Sanity Warp," looks delirious.",1
Scars of Sigil," is burned by the Scars of Sigil.",1
Scintillation," is covered in scintillating flames.",1
Scoriae,"'s skin melts.",1
Scourge," sweats and shivers, looking feverish.",0
Seeking Flame of Seukor," is burnt by the Seeking Flame of Seukor.",1
Shallow Breath," begins to choke.",0
Shock of Blades," is lacerated by steel.",0
Shock of Fire," combusts.",0
Shock of Flame,"'s skin ignites.",0
Shock of Frost,"'s skin freezes.",1
Shock of Ice,"'s skin freezes over.",0
Shock of Lightning," convulses as lightning arcs through them.",1
Shock of Poison," screams in agony.",1
Shock of Spikes," is lacerated by steel.",0
Shock of Steel," is lacerated by deadly steel.",1
Shock of Swords," is lacerated by steel.",0
Shock of the Tainted," screams in pain.",0
Shock Spiral of Al'Kabor," is blasted by shocking winds.",1
Sicken," sweats and shivers, looking feverish.",0
Siphon Life," staggers.",0
Sirocco,"'s skin blisters as lava rains down from above.",0
Smite," has been smitten.",1
Song of Midnight," flees in nocturnal terror.",1
Sound of Force," is stunned.",0
Spirit Strike," staggers as spirits of frost slam against them.",0
Spirit Tap," staggers.",0
Starfire," is bathed in starfire.",1
Strike," is struck.",1
Suffocate," begins to choke.",0
Suffocating Sphere," gasps for breath.",1
Sunstrike," is consumed by the flames of the sun.",1
Supernova," is immolated by flame.",0
Tainted Breath," has been poisoned.",0
Tears of Druzzil,"'s skin blisters as the tears of Druzzil rain upon them.",1
Tears of Prexus,"'s skin freezes as the tears of Prexus rain upon them.",1
Tears of Solusek,"'s skin blisters as the tears of Solusek rain upon them.",1
The Unspoken Word," writhes and staggers.",1
Thunder Strike," has been struck by a thunderbolt.",1
Thunderbold," has been thunder-stunned.",1
Thunderclap," has been thunderstruck.",1
Tishan's Clash," is stunned.",0
Tishan's Discord," is stunned.",0
Torbas Acid Blast," is blasted by a jet of acid.",1
Torrent of Poison,"'s skin steams and melts.",1
Touch of Night," staggers.",0
Trucidation," seems drained.",1
Tuyen`s Chant of Flame," begins to chant.",0
Tuyen`s Chant of Frost," begins to chant.",0
Upheaval," is mauled by the moving ground.",1
VampEmbraceNecro," staggers.",0
VampEmbraceShadow," staggers.",0
Velium Chill of Al`Kabor," has been frozen by a chilling blast.",1
Vengeance of Al'Kabor," is blasted by the Vengeance of Al'Kabor.",1
Venom of the Snake," has been poisoned.",0
Voltaic Draught," is caught in a torrent of lightning.",1
Ward Summoned," staggers.",0
Wildfire,"'s skin ignites as wildfire courses over them.",1
Winds of Gelid,"'s body is torn by freezing winds.",1
Winter's Roar," staggers as spirits of frost slam against them.",0
Word Divine," writhes in pain.",0
Word of Pain," writhes in pain.",0
Word of Shadow," writhes in pain.",0
Word of Souls," writhes in pain.",0
Word of Spirit," writhes in pain.",0
Wrath," has been struck down by wrath.",1
Wrath of Al'Kabor," is blasted by freezing winds.",0
Wrath of the Elements," is assaulted by the wrath of the elements.",1
